patID,t_win,NNmean,NNmedian,NNmode,NNvar,NNskew,NNkurt,SDNN,NNiqr,RMSSD,pnn50,beatsdetected,WinFlagTime,ulf,vlf,lf,hf,lfhf,ttlpwr,WinFlagFreq,ac,dc,SampEn,ApEn
TestAFdata,,,,,,,,,,,,,,,,,,,,3,,,,
